// Jest Snapshot v1, https://goo.gl/fbAQLP

exports[`renders app 1`] = `
<div
  className="content"
>
  <div
    className="root"
  >
    <div>
      <div
        className="header"
      >
        <div
          className="header__container"
        >
          <div
            className="header__icons"
          >
            <i
              className="fas fa-th"
            />
          </div>
          <div
            className="header__icons"
          >
            <i
              className="fas fa-home"
            />
          </div>
          <a
            className="header__icons d-sm"
            href="/boards"
            onClick={[Function]}
          >
            <i
              className="fa fa-trello"
            />
            <p
              className="header__p"
            >
              Boards
            </p>
          </a>
          <div
            className="header__icons"
          >
            <i
              className="fas fa-search"
              data-testid="search-button"
              onClick={[Function]}
            />
          </div>
        </div>
        <div
          className="header__logo"
        >
          <i
            className="fa fa-trello"
          />
          <p
            className="header__p"
          >
            Trello
          </p>
        </div>
        <div
          className="header__container"
        >
          <div
            className="header__icons"
          >
            <i
              className="fas fa-plus"
            />
          </div>
          <div
            className="header__icons d-sm"
          >
            <i
              className="fas fa-exclamation-circle"
            />
          </div>
          <div
            className="header__icons red"
          >
            <i
              className="far fa-bell"
            />
          </div>
          <div
            className="header__icons--circle"
          >
            SS
          </div>
        </div>
      </div>
    </div>
    <div
      className="flex__row"
    >
      <div
        className="sidebar d-sm"
      >
        <div>
          <div>
            <i
              className="fa fa-trello p-1"
            />
            Boards
          </div>
          <div>
            <i
              className="fa fa-trello p-1"
            />
            Template
          </div>
          <div>
            <i
              className="fas fa-wave-square p-1"
            />
            Home
          </div>
        </div>
        <div
          className="sidebar__teams"
        >
          <div>
            TEAMS
          </div>
          <div
            className="font--lg"
          >
            +
          </div>
        </div>
        <div
          className="sidebar__workspace"
        >
          <div
            className="flex__row"
          >
            <i
              className="fas fa-user-friends p-1"
            />
            <div>
              Savez Siddiqui's 
              <br />
              Workspace
            </div>
          </div>
          <i
            className="fas fa-chevron-down p-1"
          />
        </div>
        <div
          className="sidebar__bottom"
        >
          <div>
            <i
              className="far fa-check-square p-1"
            />
            Getting started
          </div>
          <div>
            <i
              className="fa fa-trello p-1"
            />
            Boards
          </div>
          <div>
            <i
              className="far fa-heart p-1"
            />
            Highlights
          </div>
          <div>
            <i
              className="fas fa-table p-1"
            />
            Team Table
          </div>
          <div>
            <i
              className="fas fa-user-friends p-1"
            />
            Members
          </div>
          <div>
            <i
              className="fas fa-cog p-1"
            />
            Settings
          </div>
        </div>
      </div>
      <div
        className="board__container"
      >
        <div
          className="board"
        >
          <p
            className="text"
            onClick={[Function]}
          >
            + add board
          </p>
        </div>
      </div>
    </div>
  </div>
</div>
`;
